// Jest Snapshot v1, https://goo.gl/fbAQLP

exports[`renders correctly 1`] = `
<i
  className="ic-icon icon-close_small ic-tag-icon"
  style={
    Object {
      "fontSize": "14px",
    }
  }
/>
`;
